#-----------------------------------------------------------
# Vivado v2020.2 (64-bit)
# SW Build 3064766 on Wed Nov 18 09:12:45 MST 2020
# IP Build 3064653 on Wed Nov 18 14:17:31 MST 2020
# Start of session at: Fri Mar 18 22:12:21 2022
# Process ID: 8780
# Current directory: D:/Final_Year_Prject/Codes/Image-Classification-using-CNN-on-FPGA/Verilog Modules using Vivado/Sliding Window Convolution
# Command line: vivado.exe -gui_launcher_event rodinguilauncherevent6468 D:\Final_Year_Prject\Codes\Image-Classification-using-CNN-on-FPGA\Verilog Modules using Vivado\Sliding Window Convolution\Sliding Window Convolution.xpr
# Log file: D:/Final_Year_Prject/Codes/Image-Classification-using-CNN-on-FPGA/Verilog Modules using Vivado/Sliding Window Convolution/vivado.log
# Journal file: D:/Final_Year_Prject/Codes/Image-Classification-using-CNN-on-FPGA/Verilog Modules using Vivado/Sliding Window Convolution\vivado.jou
#-----------------------------------------------------------
start_gui
open_project {D:/Final_Year_Prject/Codes/Image-Classification-using-CNN-on-FPGA/Verilog Modules using Vivado/Sliding Window Convolution/Sliding Window Convolution.xpr}
update_compile_order -fileset sources_1
copy_run -name impl_1_copy_1 [get_runs impl_1] -parent_run synth_1
set_property part xc7a200tiffg1156-1L [current_project]
reset_run synth_1
launch_runs synth_1 -jobs 4
wait_on_run synth_1
launch_runs impl_1 -jobs 4
wait_on_run impl_1
open_run impl_1
