#-----------------------------------------------------------
# Vivado v2020.2 (64-bit)
# SW Build 3064766 on Wed Nov 18 09:12:45 MST 2020
# IP Build 3064653 on Wed Nov 18 14:17:31 MST 2020
# Start of session at: Fri Mar 18 22:16:02 2022
# Process ID: 13344
# Current directory: D:/Final_Year_Prject/Codes/Image-Classification-using-CNN-on-FPGA/Verilog Modules using Vivado/Sliding Window Convolution/Sliding Window Convolution.runs/synth_1
# Command line: vivado.exe -log slide_window_conv.vds -product Vivado -mode batch -messageDb vivado.pb -notrace -source slide_window_conv.tcl
# Log file: D:/Final_Year_Prject/Codes/Image-Classification-using-CNN-on-FPGA/Verilog Modules using Vivado/Sliding Window Convolution/Sliding Window Convolution.runs/synth_1/slide_window_conv.vds
# Journal file: D:/Final_Year_Prject/Codes/Image-Classification-using-CNN-on-FPGA/Verilog Modules using Vivado/Sliding Window Convolution/Sliding Window Convolution.runs/synth_1\vivado.jou
#-----------------------------------------------------------
source slide_window_conv.tcl -notrace
